[debug] [2025-05-12T21:43:31.993Z] ----------------------------------------------------------------------
[debug] [2025-05-12T21:43:31.995Z] Command:       /nix/store/rbdrkcs5kkwpalxcd7c6bnm33lk2955n-nodejs-20.19.0/bin/node /nix/store/h4vwr7z06qfjp6g97is2nhmki2jfwlgd-firebase-tools-14.2.2/lib/node_modules/firebase-tools/lib/bin/firebase.js init
[debug] [2025-05-12T21:43:31.996Z] CLI Version:   14.2.2
[debug] [2025-05-12T21:43:31.996Z] Platform:      linux
[debug] [2025-05-12T21:43:31.996Z] Node Version:  v20.19.0
[debug] [2025-05-12T21:43:31.997Z] Time:          Mon May 12 2025 21:43:31 GMT+0000 (Coordinated Universal Time)
[debug] [2025-05-12T21:43:31.997Z] ----------------------------------------------------------------------
[debug] 
[debug] [2025-05-12T21:43:32.000Z] >>> [apiv2][query] GET https://firebase-public.firebaseio.com/cli.json [none]
[debug] [2025-05-12T21:43:32.055Z] > command requires scopes: ["email","openid","https://www.googleapis.com/auth/cloudplatformprojects.readonly","https://www.googleapis.com/auth/firebase","https://www.googleapis.com/auth/cloud-platform"]
[debug] [2025-05-12T21:43:32.318Z] <<< [apiv2][status] GET https://firebase-public.firebaseio.com/cli.json 200
[debug] [2025-05-12T21:43:32.320Z] <<< [apiv2][body] GET https://firebase-public.firebaseio.com/cli.json {"cloudBuildErrorAfter":1594252800000,"cloudBuildWarnAfter":1590019200000,"defaultNode10After":1594252800000,"minVersion":"3.0.5","node8DeploysDisabledAfter":1613390400000,"node8RuntimeDisabledAfter":1615809600000,"node8WarnAfter":1600128000000}
[debug] [2025-05-12T21:43:50.023Z] Running auto auth
[info] 
     ######## #### ########  ######## ########     ###     ######  ########
     ##        ##  ##     ## ##       ##     ##  ##   ##  ##       ##
     ######    ##  ########  ######   ########  #########  ######  ######
     ##        ##  ##    ##  ##       ##     ## ##     ##       ## ##
     ##       #### ##     ## ######## ########  ##     ##  ######  ########

You're about to initialize a Firebase project in this directory:

  /home/user/wouli-app

[info] 
=== Project Setup
[info] 
[info] First, let's associate this project directory with a Firebase project.
[info] You can create multiple project aliases by running firebase use --add, 
[info] but for now we'll just set up a default project.
[info] 
[debug] [2025-05-12T21:44:24.628Z] No OAuth tokens found
[debug] [2025-05-12T21:44:24.630Z] >>> [apiv2][query] GET https://firebase.googleapis.com/v1beta1/projects pageSize=100
[debug] [2025-05-12T21:44:25.011Z] <<< [apiv2][status] GET https://firebase.googleapis.com/v1beta1/projects 200
[debug] [2025-05-12T21:44:25.012Z] <<< [apiv2][body] GET https://firebase.googleapis.com/v1beta1/projects [omitted]
[info] i  Using project wouli-453800 (Wouli) 
[info] 
=== Dataconnect Setup
[debug] [2025-05-12T21:44:26.239Z] No OAuth tokens found
[debug] [2025-05-12T21:44:26.239Z] >>> [apiv2][query] GET https://cloudbilling.googleapis.com/v1/projects/wouli-453800/billingInfo [none]
[debug] [2025-05-12T21:44:26.915Z] <<< [apiv2][status] GET https://cloudbilling.googleapis.com/v1/projects/wouli-453800/billingInfo 200
[debug] [2025-05-12T21:44:26.916Z] <<< [apiv2][body] GET https://cloudbilling.googleapis.com/v1/projects/wouli-453800/billingInfo {"name":"projects/wouli-453800/billingInfo","projectId":"wouli-453800","billingAccountName":"billingAccounts/0111A6-8C1746-49B0D1","billingEnabled":true}
[info] i  dataconnect: ensuring required API firebasedataconnect.googleapis.com is enabled... 
[debug] [2025-05-12T21:44:26.917Z] No OAuth tokens found
[debug] [2025-05-12T21:44:26.918Z] >>> [apiv2][query] GET https://serviceusage.googleapis.com/v1/projects/wouli-453800/services/firebasedataconnect.googleapis.com [none]
[debug] [2025-05-12T21:44:26.918Z] >>> [apiv2][(partial)header] GET https://serviceusage.googleapis.com/v1/projects/wouli-453800/services/firebasedataconnect.googleapis.com x-goog-quota-user=projects/wouli-453800
[debug] [2025-05-12T21:44:27.753Z] <<< [apiv2][status] GET https://serviceusage.googleapis.com/v1/projects/wouli-453800/services/firebasedataconnect.googleapis.com 200
[debug] [2025-05-12T21:44:27.754Z] <<< [apiv2][body] GET https://serviceusage.googleapis.com/v1/projects/wouli-453800/services/firebasedataconnect.googleapis.com [omitted]
[warn] ⚠  dataconnect: missing required API firebasedataconnect.googleapis.com. Enabling now... 
[debug] [2025-05-12T21:44:27.755Z] No OAuth tokens found
[debug] [2025-05-12T21:44:27.756Z] >>> [apiv2][query] POST https://serviceusage.googleapis.com/v1/projects/wouli-453800/services/firebasedataconnect.googleapis.com:enable [none]
[debug] [2025-05-12T21:44:27.756Z] >>> [apiv2][(partial)header] POST https://serviceusage.googleapis.com/v1/projects/wouli-453800/services/firebasedataconnect.googleapis.com:enable x-goog-quota-user=projects/wouli-453800
[debug] [2025-05-12T21:44:28.549Z] <<< [apiv2][status] POST https://serviceusage.googleapis.com/v1/projects/wouli-453800/services/firebasedataconnect.googleapis.com:enable 200
[debug] [2025-05-12T21:44:28.550Z] <<< [apiv2][body] POST https://serviceusage.googleapis.com/v1/projects/wouli-453800/services/firebasedataconnect.googleapis.com:enable [omitted]
[debug] [2025-05-12T21:44:38.556Z] No OAuth tokens found
[debug] [2025-05-12T21:44:38.557Z] >>> [apiv2][query] GET https://serviceusage.googleapis.com/v1/projects/wouli-453800/services/firebasedataconnect.googleapis.com [none]
[debug] [2025-05-12T21:44:38.557Z] >>> [apiv2][(partial)header] GET https://serviceusage.googleapis.com/v1/projects/wouli-453800/services/firebasedataconnect.googleapis.com x-goog-quota-user=projects/wouli-453800
[debug] [2025-05-12T21:44:39.411Z] <<< [apiv2][status] GET https://serviceusage.googleapis.com/v1/projects/wouli-453800/services/firebasedataconnect.googleapis.com 200
[debug] [2025-05-12T21:44:39.411Z] <<< [apiv2][body] GET https://serviceusage.googleapis.com/v1/projects/wouli-453800/services/firebasedataconnect.googleapis.com [omitted]
[info] ✔  dataconnect: required API firebasedataconnect.googleapis.com is enabled 
[info] i  dataconnect: ensuring required API sqladmin.googleapis.com is enabled... 
[debug] [2025-05-12T21:44:39.413Z] No OAuth tokens found
[debug] [2025-05-12T21:44:39.413Z] >>> [apiv2][query] GET https://serviceusage.googleapis.com/v1/projects/wouli-453800/services/sqladmin.googleapis.com [none]
[debug] [2025-05-12T21:44:39.413Z] >>> [apiv2][(partial)header] GET https://serviceusage.googleapis.com/v1/projects/wouli-453800/services/sqladmin.googleapis.com x-goog-quota-user=projects/wouli-453800
[debug] [2025-05-12T21:44:39.733Z] <<< [apiv2][status] GET https://serviceusage.googleapis.com/v1/projects/wouli-453800/services/sqladmin.googleapis.com 200
[debug] [2025-05-12T21:44:39.733Z] <<< [apiv2][body] GET https://serviceusage.googleapis.com/v1/projects/wouli-453800/services/sqladmin.googleapis.com [omitted]
[info] ✔  dataconnect: required API sqladmin.googleapis.com is enabled 
[info] i  dataconnect: ensuring required API compute.googleapis.com is enabled... 
[debug] [2025-05-12T21:44:39.734Z] No OAuth tokens found
[debug] [2025-05-12T21:44:39.734Z] >>> [apiv2][query] GET https://serviceusage.googleapis.com/v1/projects/wouli-453800/services/compute.googleapis.com [none]
[debug] [2025-05-12T21:44:39.734Z] >>> [apiv2][(partial)header] GET https://serviceusage.googleapis.com/v1/projects/wouli-453800/services/compute.googleapis.com x-goog-quota-user=projects/wouli-453800
[debug] [2025-05-12T21:44:40.378Z] <<< [apiv2][status] GET https://serviceusage.googleapis.com/v1/projects/wouli-453800/services/compute.googleapis.com 200
[debug] [2025-05-12T21:44:40.378Z] <<< [apiv2][body] GET https://serviceusage.googleapis.com/v1/projects/wouli-453800/services/compute.googleapis.com [omitted]
[warn] ⚠  dataconnect: missing required API compute.googleapis.com. Enabling now... 
[debug] [2025-05-12T21:44:40.379Z] No OAuth tokens found
[debug] [2025-05-12T21:44:40.379Z] >>> [apiv2][query] POST https://serviceusage.googleapis.com/v1/projects/wouli-453800/services/compute.googleapis.com:enable [none]
[debug] [2025-05-12T21:44:40.380Z] >>> [apiv2][(partial)header] POST https://serviceusage.googleapis.com/v1/projects/wouli-453800/services/compute.googleapis.com:enable x-goog-quota-user=projects/wouli-453800
[debug] [2025-05-12T21:44:41.703Z] <<< [apiv2][status] POST https://serviceusage.googleapis.com/v1/projects/wouli-453800/services/compute.googleapis.com:enable 200
[debug] [2025-05-12T21:44:41.703Z] <<< [apiv2][body] POST https://serviceusage.googleapis.com/v1/projects/wouli-453800/services/compute.googleapis.com:enable [omitted]
[debug] [2025-05-12T21:44:51.708Z] No OAuth tokens found
[debug] [2025-05-12T21:44:51.708Z] >>> [apiv2][query] GET https://serviceusage.googleapis.com/v1/projects/wouli-453800/services/compute.googleapis.com [none]
[debug] [2025-05-12T21:44:51.708Z] >>> [apiv2][(partial)header] GET https://serviceusage.googleapis.com/v1/projects/wouli-453800/services/compute.googleapis.com x-goog-quota-user=projects/wouli-453800
[debug] [2025-05-12T21:44:52.699Z] <<< [apiv2][status] GET https://serviceusage.googleapis.com/v1/projects/wouli-453800/services/compute.googleapis.com 200
[debug] [2025-05-12T21:44:52.699Z] <<< [apiv2][body] GET https://serviceusage.googleapis.com/v1/projects/wouli-453800/services/compute.googleapis.com [omitted]
[info] i  dataconnect: waiting for API compute.googleapis.com to activate... 
[debug] [2025-05-12T21:45:02.705Z] No OAuth tokens found
[debug] [2025-05-12T21:45:02.706Z] >>> [apiv2][query] GET https://serviceusage.googleapis.com/v1/projects/wouli-453800/services/compute.googleapis.com [none]
[debug] [2025-05-12T21:45:02.706Z] >>> [apiv2][(partial)header] GET https://serviceusage.googleapis.com/v1/projects/wouli-453800/services/compute.googleapis.com x-goog-quota-user=projects/wouli-453800
[debug] [2025-05-12T21:45:03.351Z] <<< [apiv2][status] GET https://serviceusage.googleapis.com/v1/projects/wouli-453800/services/compute.googleapis.com 200
[debug] [2025-05-12T21:45:03.351Z] <<< [apiv2][body] GET https://serviceusage.googleapis.com/v1/projects/wouli-453800/services/compute.googleapis.com [omitted]
[info] i  dataconnect: waiting for API compute.googleapis.com to activate... 
[debug] [2025-05-12T21:45:13.358Z] No OAuth tokens found
[debug] [2025-05-12T21:45:13.358Z] >>> [apiv2][query] GET https://serviceusage.googleapis.com/v1/projects/wouli-453800/services/compute.googleapis.com [none]
[debug] [2025-05-12T21:45:13.358Z] >>> [apiv2][(partial)header] GET https://serviceusage.googleapis.com/v1/projects/wouli-453800/services/compute.googleapis.com x-goog-quota-user=projects/wouli-453800
[debug] [2025-05-12T21:45:14.455Z] <<< [apiv2][status] GET https://serviceusage.googleapis.com/v1/projects/wouli-453800/services/compute.googleapis.com 200
[debug] [2025-05-12T21:45:14.455Z] <<< [apiv2][body] GET https://serviceusage.googleapis.com/v1/projects/wouli-453800/services/compute.googleapis.com [omitted]
[info] i  dataconnect: waiting for API compute.googleapis.com to activate... 
[debug] [2025-05-12T21:45:24.461Z] No OAuth tokens found
[debug] [2025-05-12T21:45:24.461Z] >>> [apiv2][query] GET https://serviceusage.googleapis.com/v1/projects/wouli-453800/services/compute.googleapis.com [none]
[debug] [2025-05-12T21:45:24.462Z] >>> [apiv2][(partial)header] GET https://serviceusage.googleapis.com/v1/projects/wouli-453800/services/compute.googleapis.com x-goog-quota-user=projects/wouli-453800
[debug] [2025-05-12T21:45:25.439Z] <<< [apiv2][status] GET https://serviceusage.googleapis.com/v1/projects/wouli-453800/services/compute.googleapis.com 200
[debug] [2025-05-12T21:45:25.440Z] <<< [apiv2][body] GET https://serviceusage.googleapis.com/v1/projects/wouli-453800/services/compute.googleapis.com [omitted]
[info] i  dataconnect: waiting for API compute.googleapis.com to activate... 
[debug] [2025-05-12T21:45:35.442Z] No OAuth tokens found
[debug] [2025-05-12T21:45:35.442Z] >>> [apiv2][query] GET https://serviceusage.googleapis.com/v1/projects/wouli-453800/services/compute.googleapis.com [none]
[debug] [2025-05-12T21:45:35.442Z] >>> [apiv2][(partial)header] GET https://serviceusage.googleapis.com/v1/projects/wouli-453800/services/compute.googleapis.com x-goog-quota-user=projects/wouli-453800
[debug] [2025-05-12T21:45:36.511Z] <<< [apiv2][status] GET https://serviceusage.googleapis.com/v1/projects/wouli-453800/services/compute.googleapis.com 200
[debug] [2025-05-12T21:45:36.511Z] <<< [apiv2][body] GET https://serviceusage.googleapis.com/v1/projects/wouli-453800/services/compute.googleapis.com [omitted]
[info] i  dataconnect: waiting for API compute.googleapis.com to activate... 
[debug] [2025-05-12T21:45:46.518Z] No OAuth tokens found
[debug] [2025-05-12T21:45:46.518Z] >>> [apiv2][query] GET https://serviceusage.googleapis.com/v1/projects/wouli-453800/services/compute.googleapis.com [none]
[debug] [2025-05-12T21:45:46.518Z] >>> [apiv2][(partial)header] GET https://serviceusage.googleapis.com/v1/projects/wouli-453800/services/compute.googleapis.com x-goog-quota-user=projects/wouli-453800
[debug] [2025-05-12T21:45:47.771Z] <<< [apiv2][status] GET https://serviceusage.googleapis.com/v1/projects/wouli-453800/services/compute.googleapis.com 200
[debug] [2025-05-12T21:45:47.771Z] <<< [apiv2][body] GET https://serviceusage.googleapis.com/v1/projects/wouli-453800/services/compute.googleapis.com [omitted]
[info] ✔  dataconnect: required API compute.googleapis.com is enabled 
[debug] [2025-05-12T21:45:47.773Z] No OAuth tokens found
[debug] [2025-05-12T21:45:47.774Z] >>> [apiv2][query] GET https://firebasedataconnect.googleapis.com/v1/projects/wouli-453800/locations/-/services [none]
[debug] [2025-05-12T21:45:48.802Z] <<< [apiv2][status] GET https://firebasedataconnect.googleapis.com/v1/projects/wouli-453800/locations/-/services 200
[debug] [2025-05-12T21:45:48.803Z] <<< [apiv2][body] GET https://firebasedataconnect.googleapis.com/v1/projects/wouli-453800/locations/-/services {}
[debug] [2025-05-12T22:12:01.683Z] No OAuth tokens found
[debug] [2025-05-12T22:12:01.685Z] >>> [apiv2][query] GET https://sqladmin.googleapis.com/v1/projects/wouli-453800/instances [none]
[debug] [2025-05-12T22:12:02.130Z] <<< [apiv2][status] GET https://sqladmin.googleapis.com/v1/projects/wouli-453800/instances 200
[debug] [2025-05-12T22:12:02.130Z] <<< [apiv2][body] GET https://sqladmin.googleapis.com/v1/projects/wouli-453800/instances {}
[debug] [2025-05-12T22:12:05.859Z] No OAuth tokens found
[debug] [2025-05-12T22:12:05.860Z] >>> [apiv2][query] GET https://firebasedataconnect.googleapis.com/v1/projects/wouli-453800/locations [none]
[debug] [2025-05-12T22:12:06.638Z] <<< [apiv2][status] GET https://firebasedataconnect.googleapis.com/v1/projects/wouli-453800/locations 200
[debug] [2025-05-12T22:12:06.638Z] <<< [apiv2][body] GET https://firebasedataconnect.googleapis.com/v1/projects/wouli-453800/locations {"locations":[{"name":"projects/wouli-453800/locations/asia-east1","locationId":"asia-east1","displayName":"Taiwan"},{"name":"projects/wouli-453800/locations/asia-east2","locationId":"asia-east2","displayName":"Hong Kong"},{"name":"projects/wouli-453800/locations/asia-northeast1","locationId":"asia-northeast1","displayName":"Tokyo"},{"name":"projects/wouli-453800/locations/asia-northeast2","locationId":"asia-northeast2","displayName":"Osaka"},{"name":"projects/wouli-453800/locations/asia-northeast3","locationId":"asia-northeast3","displayName":"Seoul"},{"name":"projects/wouli-453800/locations/asia-south1","locationId":"asia-south1","displayName":"Mumbai"},{"name":"projects/wouli-453800/locations/asia-southeast1","locationId":"asia-southeast1","displayName":"Singapore"},{"name":"projects/wouli-453800/locations/asia-southeast2","locationId":"asia-southeast2","displayName":"Jakarta"},{"name":"projects/wouli-453800/locations/australia-southeast1","locationId":"australia-southeast1","displayName":"Sydney"},{"name":"projects/wouli-453800/locations/australia-southeast2","locationId":"australia-southeast2","displayName":"Melbourne"},{"name":"projects/wouli-453800/locations/europe-central2","locationId":"europe-central2","displayName":"Warsaw"},{"name":"projects/wouli-453800/locations/europe-north1","locationId":"europe-north1","displayName":"Finland"},{"name":"projects/wouli-453800/locations/europe-southwest1","locationId":"europe-southwest1","displayName":"Madrid"},{"name":"projects/wouli-453800/locations/europe-west1","locationId":"europe-west1","displayName":"Belgium"},{"name":"projects/wouli-453800/locations/europe-west2","locationId":"europe-west2","displayName":"London"},{"name":"projects/wouli-453800/locations/europe-west3","locationId":"europe-west3","displayName":"Frankfurt"},{"name":"projects/wouli-453800/locations/europe-west4","locationId":"europe-west4","displayName":"Netherlands"},{"name":"projects/wouli-453800/locations/europe-west6","locationId":"europe-west6","displayName":"Zurich"},{"name":"projects/wouli-453800/locations/europe-west8","locationId":"europe-west8","displayName":"Milan"},{"name":"projects/wouli-453800/locations/europe-west9","locationId":"europe-west9","displayName":"Paris"},{"name":"projects/wouli-453800/locations/me-west1","locationId":"me-west1","displayName":"Tel Aviv"},{"name":"projects/wouli-453800/locations/northamerica-northeast1","locationId":"northamerica-northeast1","displayName":"Montréal"},{"name":"projects/wouli-453800/locations/northamerica-northeast2","locationId":"northamerica-northeast2","displayName":"Toronto"},{"name":"projects/wouli-453800/locations/southamerica-east1","locationId":"southamerica-east1","displayName":"São Paulo"},{"name":"projects/wouli-453800/locations/southamerica-west1","locationId":"southamerica-west1","displayName":"Santiago"},{"name":"projects/wouli-453800/locations/us-central1","locationId":"us-central1","displayName":"Iowa"},{"name":"projects/wouli-453800/locations/us-east1","locationId":"us-east1","displayName":"South Carolina"},{"name":"projects/wouli-453800/locations/us-east4","locationId":"us-east4","displayName":"Northern Virginia"},{"name":"projects/wouli-453800/locations/us-south1","locationId":"us-south1","displayName":"Dallas"},{"name":"projects/wouli-453800/locations/us-west1","locationId":"us-west1","displayName":"Oregon"},{"name":"projects/wouli-453800/locations/us-west2","locationId":"us-west2","displayName":"Los Angeles"},{"name":"projects/wouli-453800/locations/us-west3","locationId":"us-west3","displayName":"Salt Lake City"},{"name":"projects/wouli-453800/locations/us-west4","locationId":"us-west4","displayName":"Las Vegas"}]}
[debug] [2025-05-12T22:12:34.137Z] No OAuth tokens found
[debug] [2025-05-12T22:12:34.137Z] >>> [apiv2][query] GET https://sqladmin.googleapis.com/v1/projects/wouli-453800/instances/wouli-app-fdc/databases [none]
[debug] [2025-05-12T22:12:34.360Z] <<< [apiv2][status] GET https://sqladmin.googleapis.com/v1/projects/wouli-453800/instances/wouli-app-fdc/databases 404
[debug] [2025-05-12T22:12:34.361Z] <<< [apiv2][body] GET https://sqladmin.googleapis.com/v1/projects/wouli-453800/instances/wouli-app-fdc/databases {"error":{"code":404,"message":"Not Found","errors":[{"message":"Not Found","domain":"global","reason":"notFound"}]}}
[debug] [2025-05-12T22:12:34.362Z] [dataconnect] Cannot list databases during init: FirebaseError: Request to https://sqladmin.googleapis.com/v1/projects/wouli-453800/instances/wouli-app-fdc/databases had HTTP Error: 404, Not Found
[info] ✔  Wrote dataconnect/dataconnect.yaml 
[info] ✔  Wrote dataconnect/schema/schema.gql 
[info] ✔  Wrote dataconnect/connector/connector.yaml 
[info] ✔  Wrote dataconnect/connector/queries.gql 
[info] ✔  Wrote dataconnect/connector/mutations.gql 
[debug] [2025-05-12T22:12:44.510Z] No OAuth tokens found
[debug] [2025-05-12T22:12:44.510Z] >>> [apiv2][query] GET https://sqladmin.googleapis.com/v1/projects/wouli-453800/instances/wouli-app-fdc [none]
[debug] [2025-05-12T22:12:44.690Z] <<< [apiv2][status] GET https://sqladmin.googleapis.com/v1/projects/wouli-453800/instances/wouli-app-fdc 404
[debug] [2025-05-12T22:12:44.691Z] <<< [apiv2][body] GET https://sqladmin.googleapis.com/v1/projects/wouli-453800/instances/wouli-app-fdc {"error":{"code":404,"message":"The Cloud SQL instance does not exist.","errors":[{"message":"The Cloud SQL instance does not exist.","domain":"global","reason":"instanceDoesNotExist"}]}}
[warn] ⚠  dataconnect: Cloud SQL instances created via the Firebase CLI do not support customer managed encryption keys.
If you'd like to use a CMEK to encrypt your data, first create a CMEK encrypted instance (https://cloud.google.com/sql/docs/postgres/configure-cmek#createcmekinstance).
Then, edit your `dataconnect.yaml` file to use the encrypted instance and redeploy. 
[info] i  dataconnect: Checking Cloud SQL no cost trial eligibility... 
[debug] [2025-05-12T22:12:44.693Z] No OAuth tokens found
[debug] [2025-05-12T22:12:44.693Z] >>> [apiv2][query] GET https://monitoring.googleapis.com/v3/projects/wouli-453800/timeSeries/ filter=metric.type%3D%22serviceruntime.googleapis.com%2Fquota%2Fallocation%2Fusage%22+AND+metric.label.quota_metric+%3D+%22sqladmin.googleapis.com%2Ffdc_lifetime_free_trial_per_project%22&interval.endTime=2025-05-12T22%3A12%3A44.693Z&interval.startTime=2025-05-05T22%3A12%3A44.692Z
[debug] [2025-05-12T22:12:44.726Z] <<< [apiv2][status] GET https://monitoring.googleapis.com/v3/projects/wouli-453800/timeSeries/ 403
[debug] [2025-05-12T22:12:44.726Z] <<< [apiv2][body] GET https://monitoring.googleapis.com/v3/projects/wouli-453800/timeSeries/ {"error":{"code":403,"message":"Cloud Monitoring API has not been used in project 945553600981 before or it is disabled. Enable it by visiting https://console.developers.google.com/apis/api/monitoring.googleapis.com/overview?project=945553600981 then retry. If you enabled this API recently, wait a few minutes for the action to propagate to our systems and retry.","status":"PERMISSION_DENIED","details":[{"@type":"type.googleapis.com/google.rpc.ErrorInfo","reason":"SERVICE_DISABLED","domain":"googleapis.com","metadata":{"consumer":"projects/945553600981","serviceTitle":"Cloud Monitoring API","service":"monitoring.googleapis.com","containerInfo":"945553600981","activationUrl":"https://console.developers.google.com/apis/api/monitoring.googleapis.com/overview?project=945553600981"}},{"@type":"type.googleapis.com/google.rpc.LocalizedMessage","locale":"en-US","message":"Cloud Monitoring API has not been used in project 945553600981 before or it is disabled. Enable it by visiting https://console.developers.google.com/apis/api/monitoring.googleapis.com/overview?project=945553600981 then retry. If you enabled this API recently, wait a few minutes for the action to propagate to our systems and retry."},{"@type":"type.googleapis.com/google.rpc.Help","links":[{"description":"Google developers console API activation","url":"https://console.developers.google.com/apis/api/monitoring.googleapis.com/overview?project=945553600981"}]}]}}
[info] ✔  dataconnect: CloudSQL no cost trial available! 
[info] i  dataconnect:  
[debug] [2025-05-12T22:12:44.730Z] No OAuth tokens found
[debug] [2025-05-12T22:12:44.731Z] >>> [apiv2][query] POST https://sqladmin.googleapis.com/v1/projects/wouli-453800/instances [none]
[debug] [2025-05-12T22:12:44.731Z] >>> [apiv2][body] POST https://sqladmin.googleapis.com/v1/projects/wouli-453800/instances {"name":"wouli-app-fdc","region":"europe-west9","databaseVersion":"POSTGRES_15","settings":{"tier":"db-f1-micro","edition":"ENTERPRISE","ipConfiguration":{"authorizedNetworks":[]},"enableGoogleMlIntegration":false,"databaseFlags":[{"name":"cloudsql.iam_authentication","value":"on"}],"storageAutoResize":false,"userLabels":{"firebase-data-connect":"ft"},"insightsConfig":{"queryInsightsEnabled":true,"queryPlansPerMinute":5,"queryStringLength":1024}}}
[debug] [2025-05-12T22:12:48.200Z] <<< [apiv2][status] POST https://sqladmin.googleapis.com/v1/projects/wouli-453800/instances 200
[debug] [2025-05-12T22:12:48.201Z] <<< [apiv2][body] POST https://sqladmin.googleapis.com/v1/projects/wouli-453800/instances {"kind":"sql#operation","targetLink":"https://sqladmin.googleapis.com/v1/projects/wouli-453800/instances/wouli-app-fdc","status":"PENDING","user":"basekou555@gmail.com","insertTime":"2025-05-12T22:12:48.160Z","operationType":"CREATE","name":"0fab838e-4c6b-4967-9074-42a50000004d","targetId":"wouli-app-fdc","selfLink":"https://sqladmin.googleapis.com/v1/projects/wouli-453800/operations/0fab838e-4c6b-4967-9074-42a50000004d","targetProject":"wouli-453800"}
[info] i  dataconnect: Cloud SQL instance creation started - it should be ready shortly. Database and users will be created on your next deploy. 
[info] i  If you'd like to add the generated SDK to your app later, run firebase init dataconnect:sdk 
[info] 
=== Firestore Setup
[debug] [2025-05-12T22:12:48.218Z] No OAuth tokens found
[debug] [2025-05-12T22:12:48.220Z] >>> [apiv2][query] GET https://serviceusage.googleapis.com/v1/projects/wouli-453800/services/firestore.googleapis.com [none]
[debug] [2025-05-12T22:12:48.221Z] >>> [apiv2][(partial)header] GET https://serviceusage.googleapis.com/v1/projects/wouli-453800/services/firestore.googleapis.com x-goog-quota-user=projects/wouli-453800
[debug] [2025-05-12T22:12:49.075Z] <<< [apiv2][status] GET https://serviceusage.googleapis.com/v1/projects/wouli-453800/services/firestore.googleapis.com 200
[debug] [2025-05-12T22:12:49.076Z] <<< [apiv2][body] GET https://serviceusage.googleapis.com/v1/projects/wouli-453800/services/firestore.googleapis.com [omitted]
[debug] [2025-05-12T22:12:49.077Z] No OAuth tokens found
[debug] [2025-05-12T22:12:49.077Z] >>> [apiv2][query] GET https://firestore.googleapis.com/v1/projects/wouli-453800/databases/(default) [none]
[debug] [2025-05-12T22:12:49.147Z] <<< [apiv2][status] GET https://firestore.googleapis.com/v1/projects/wouli-453800/databases/(default) 404
[debug] [2025-05-12T22:12:49.148Z] <<< [apiv2][body] GET https://firestore.googleapis.com/v1/projects/wouli-453800/databases/(default) {"error":{"code":404,"message":"Project 'wouli-453800' or database '(default)' does not exist.","status":"NOT_FOUND"}}
[debug] [2025-05-12T22:12:49.148Z] error getting database type: Request to https://firestore.googleapis.com/v1/projects/wouli-453800/databases/(default) had HTTP Error: 404, Project 'wouli-453800' or database '(default)' does not exist. {"name":"FirebaseError","children":[],"context":{"body":{"error":{"code":404,"message":"Project 'wouli-453800' or database '(default)' does not exist.","status":"NOT_FOUND"}},"response":{"statusCode":404}},"exit":1,"message":"Request to https://firestore.googleapis.com/v1/projects/wouli-453800/databases/(default) had HTTP Error: 404, Project 'wouli-453800' or database '(default)' does not exist.","status":404}
[info] (default) does not exist in project wouli-453800.
[debug] [2025-05-12T22:12:49.149Z] database_type: DATABASE_DOES_NOT_EXIST
[debug] [2025-05-12T22:13:52.669Z] No OAuth tokens found
[debug] [2025-05-12T22:13:52.670Z] >>> [apiv2][query] GET https://firestore.googleapis.com/v1/projects/wouli-453800/databases/masterdatabase [none]
[debug] [2025-05-12T22:13:52.825Z] <<< [apiv2][status] GET https://firestore.googleapis.com/v1/projects/wouli-453800/databases/masterdatabase 200
[debug] [2025-05-12T22:13:52.825Z] <<< [apiv2][body] GET https://firestore.googleapis.com/v1/projects/wouli-453800/databases/masterdatabase {"name":"projects/wouli-453800/databases/masterdatabase","uid":"afb08c6c-eb69-4e75-9d8b-96cb0998d2f6","createTime":"2025-05-03T17:24:34.346360Z","updateTime":"2025-05-03T17:24:34.346360Z","locationId":"europe-west9","type":"FIRESTORE_NATIVE","concurrencyMode":"PESSIMISTIC","versionRetentionPeriod":"3600s","earliestVersionTime":"2025-05-12T21:13:52.816353Z","appEngineIntegrationMode":"DISABLED","pointInTimeRecoveryEnablement":"POINT_IN_TIME_RECOVERY_DISABLED","deleteProtectionState":"DELETE_PROTECTION_DISABLED","databaseEdition":"STANDARD","freeTier":true,"etag":"IJO22Yz6no0DMOL13L22iI0D"}
[debug] [2025-05-12T22:13:52.825Z] database_type: FIRESTORE_NATIVE
[debug] [2025-05-12T22:13:52.825Z] database_type: FIRESTORE_NATIVE
[debug] [2025-05-12T22:13:52.826Z] > command requires scopes: ["email","openid","https://www.googleapis.com/auth/cloudplatformprojects.readonly","https://www.googleapis.com/auth/firebase","https://www.googleapis.com/auth/cloud-platform"]
[debug] [2025-05-12T22:13:52.827Z] > authorizing via signed-in user (basekou555@gmail.com)
[debug] [2025-05-12T22:13:52.827Z] [iam] checking project wouli-453800 for permissions ["firebase.projects.get"]
[debug] [2025-05-12T22:13:52.828Z] No OAuth tokens found
[debug] [2025-05-12T22:13:52.828Z] >>> [apiv2][query] POST https://cloudresourcemanager.googleapis.com/v1/projects/wouli-453800:testIamPermissions [none]
[debug] [2025-05-12T22:13:52.828Z] >>> [apiv2][(partial)header] POST https://cloudresourcemanager.googleapis.com/v1/projects/wouli-453800:testIamPermissions x-goog-quota-user=projects/wouli-453800
[debug] [2025-05-12T22:13:52.828Z] >>> [apiv2][body] POST https://cloudresourcemanager.googleapis.com/v1/projects/wouli-453800:testIamPermissions {"permissions":["firebase.projects.get"]}
[debug] [2025-05-12T22:13:53.462Z] <<< [apiv2][status] POST https://cloudresourcemanager.googleapis.com/v1/projects/wouli-453800:testIamPermissions 200
[debug] [2025-05-12T22:13:53.462Z] <<< [apiv2][body] POST https://cloudresourcemanager.googleapis.com/v1/projects/wouli-453800:testIamPermissions {"permissions":["firebase.projects.get"]}
[info] 
[info] Firestore Security Rules allow you to define how and when to allow
[info] requests. You can keep these rules in your project directory
[info] and publish them with firebase deploy.
[info] 
[debug] [2025-05-12T22:13:56.656Z] No OAuth tokens found
[debug] [2025-05-12T22:13:56.657Z] >>> [apiv2][query] GET https://firebaserules.googleapis.com/v1/projects/wouli-453800/releases pageSize=10&pageToken=
[debug] [2025-05-12T22:13:57.321Z] <<< [apiv2][status] GET https://firebaserules.googleapis.com/v1/projects/wouli-453800/releases 200
[debug] [2025-05-12T22:13:57.321Z] <<< [apiv2][body] GET https://firebaserules.googleapis.com/v1/projects/wouli-453800/releases {"releases":[{"name":"projects/wouli-453800/releases/cloud.firestore/masterdatabase","rulesetName":"projects/wouli-453800/rulesets/cad2deb1-682c-4bac-8586-1773b1a69097","createTime":"2025-05-03T17:24:38.804795Z","updateTime":"2025-05-03T17:25:04.573333Z"}]}
[debug] [2025-05-12T22:13:57.321Z] Found ruleset: projects/wouli-453800/rulesets/cad2deb1-682c-4bac-8586-1773b1a69097
[debug] [2025-05-12T22:13:57.322Z] No OAuth tokens found
[debug] [2025-05-12T22:13:57.322Z] >>> [apiv2][query] GET https://firebaserules.googleapis.com/v1/projects/wouli-453800/rulesets/cad2deb1-682c-4bac-8586-1773b1a69097 [none]
[debug] [2025-05-12T22:13:57.985Z] <<< [apiv2][status] GET https://firebaserules.googleapis.com/v1/projects/wouli-453800/rulesets/cad2deb1-682c-4bac-8586-1773b1a69097 200
[debug] [2025-05-12T22:13:57.986Z] <<< [apiv2][body] GET https://firebaserules.googleapis.com/v1/projects/wouli-453800/rulesets/cad2deb1-682c-4bac-8586-1773b1a69097 [omitted]
[info] 
[info] Firestore indexes allow you to perform complex queries while
[info] maintaining performance that scales with the size of the result
[info] set. You can keep index definitions in your project directory
[info] and publish them with firebase deploy.
[info] 
[debug] [2025-05-12T22:13:59.296Z] No OAuth tokens found
[debug] [2025-05-12T22:13:59.296Z] No OAuth tokens found
[debug] [2025-05-12T22:13:59.296Z] >>> [apiv2][query] GET https://firestore.googleapis.com/v1/projects/wouli-453800/databases/masterdatabase/collectionGroups/-/indexes [none]
[debug] [2025-05-12T22:13:59.299Z] >>> [apiv2][query] GET https://firestore.googleapis.com/v1/projects/wouli-453800/databases/masterdatabase/collectionGroups/-/fields?filter=indexConfig.usesAncestorConfig=false OR ttlConfig:* [none]
[debug] [2025-05-12T22:13:59.422Z] <<< [apiv2][status] GET https://firestore.googleapis.com/v1/projects/wouli-453800/databases/masterdatabase/collectionGroups/-/indexes 200
[debug] [2025-05-12T22:13:59.423Z] <<< [apiv2][body] GET https://firestore.googleapis.com/v1/projects/wouli-453800/databases/masterdatabase/collectionGroups/-/indexes {}
[debug] [2025-05-12T22:13:59.530Z] <<< [apiv2][status] GET https://firestore.googleapis.com/v1/projects/wouli-453800/databases/masterdatabase/collectionGroups/-/fields?filter=indexConfig.usesAncestorConfig=false OR ttlConfig:* 200
[debug] [2025-05-12T22:13:59.531Z] <<< [apiv2][body] GET https://firestore.googleapis.com/v1/projects/wouli-453800/databases/masterdatabase/collectionGroups/-/fields?filter=indexConfig.usesAncestorConfig=false OR ttlConfig:* {"fields":[{"name":"projects/wouli-453800/databases/masterdatabase/collectionGroups/__default__/fields/*","indexConfig":{"indexes":[{"queryScope":"COLLECTION","fields":[{"fieldPath":"*","order":"ASCENDING"}],"state":"READY"},{"queryScope":"COLLECTION","fields":[{"fieldPath":"*","order":"DESCENDING"}],"state":"READY"},{"queryScope":"COLLECTION","fields":[{"fieldPath":"*","arrayConfig":"CONTAINS"}],"state":"READY"}]}}]}
[info] 
=== Genkit Setup
[debug] [2025-05-12T22:14:46.805Z] > command requires scopes: ["email","openid","https://www.googleapis.com/auth/cloudplatformprojects.readonly","https://www.googleapis.com/auth/firebase","https://www.googleapis.com/auth/cloud-platform"]
[debug] [2025-05-12T22:14:46.805Z] > authorizing via signed-in user (basekou555@gmail.com)
[debug] [2025-05-12T22:14:46.805Z] [iam] checking project wouli-453800 for permissions ["firebase.projects.get"]
[debug] [2025-05-12T22:14:46.806Z] No OAuth tokens found
[debug] [2025-05-12T22:14:46.807Z] >>> [apiv2][query] POST https://cloudresourcemanager.googleapis.com/v1/projects/wouli-453800:testIamPermissions [none]
[debug] [2025-05-12T22:14:46.807Z] >>> [apiv2][(partial)header] POST https://cloudresourcemanager.googleapis.com/v1/projects/wouli-453800:testIamPermissions x-goog-quota-user=projects/wouli-453800
[debug] [2025-05-12T22:14:46.807Z] >>> [apiv2][body] POST https://cloudresourcemanager.googleapis.com/v1/projects/wouli-453800:testIamPermissions {"permissions":["firebase.projects.get"]}
[debug] [2025-05-12T22:14:47.455Z] <<< [apiv2][status] POST https://cloudresourcemanager.googleapis.com/v1/projects/wouli-453800:testIamPermissions 200
[debug] [2025-05-12T22:14:47.455Z] <<< [apiv2][body] POST https://cloudresourcemanager.googleapis.com/v1/projects/wouli-453800:testIamPermissions {"permissions":["firebase.projects.get"]}
[debug] [2025-05-12T22:14:47.455Z] No OAuth tokens found
[debug] [2025-05-12T22:14:47.456Z] No OAuth tokens found
[debug] [2025-05-12T22:14:47.456Z] >>> [apiv2][query] GET https://serviceusage.googleapis.com/v1/projects/wouli-453800/services/cloudfunctions.googleapis.com [none]
[debug] [2025-05-12T22:14:47.456Z] >>> [apiv2][(partial)header] GET https://serviceusage.googleapis.com/v1/projects/wouli-453800/services/cloudfunctions.googleapis.com x-goog-quota-user=projects/wouli-453800
[debug] [2025-05-12T22:14:47.458Z] >>> [apiv2][query] GET https://serviceusage.googleapis.com/v1/projects/wouli-453800/services/runtimeconfig.googleapis.com [none]
[debug] [2025-05-12T22:14:47.458Z] >>> [apiv2][(partial)header] GET https://serviceusage.googleapis.com/v1/projects/wouli-453800/services/runtimeconfig.googleapis.com x-goog-quota-user=projects/wouli-453800
[debug] [2025-05-12T22:14:48.272Z] <<< [apiv2][status] GET https://serviceusage.googleapis.com/v1/projects/wouli-453800/services/runtimeconfig.googleapis.com 200
[debug] [2025-05-12T22:14:48.272Z] <<< [apiv2][body] GET https://serviceusage.googleapis.com/v1/projects/wouli-453800/services/runtimeconfig.googleapis.com [omitted]
[debug] [2025-05-12T22:14:48.284Z] <<< [apiv2][status] GET https://serviceusage.googleapis.com/v1/projects/wouli-453800/services/cloudfunctions.googleapis.com 200
[debug] [2025-05-12T22:14:48.284Z] <<< [apiv2][body] GET https://serviceusage.googleapis.com/v1/projects/wouli-453800/services/cloudfunctions.googleapis.com [omitted]
[info] Let's create a new codebase for your functions.
[info] A directory corresponding to the codebase will be created in your project
[info] with sample code pre-configured.

[info] See https://firebase.google.com/docs/functions/organize-functions for
[info] more information on organizing your functions using codebases.

[info] Functions can be deployed with firebase deploy.

[info] ✔  Wrote functions/package.json 
[info] ✔  Wrote functions/.eslintrc.js 
[info] ✔  Wrote functions/tsconfig.json 
[info] ✔  Wrote functions/tsconfig.dev.json 
[info] ✔  Wrote functions/src/index.ts 
[info] ✔  Wrote functions/.gitignore 
[info] 
[info] i  genkit: Installing Genkit CLI version 1.8.0
 
[info] i  aiplatform: ensuring required API aiplatform.googleapis.com is enabled... 
[debug] [2025-05-12T22:17:17.344Z] No OAuth tokens found
[debug] [2025-05-12T22:17:17.344Z] >>> [apiv2][query] GET https://serviceusage.googleapis.com/v1/projects/wouli-453800/services/aiplatform.googleapis.com [none]
[debug] [2025-05-12T22:17:17.345Z] >>> [apiv2][(partial)header] GET https://serviceusage.googleapis.com/v1/projects/wouli-453800/services/aiplatform.googleapis.com x-goog-quota-user=projects/wouli-453800
[debug] [2025-05-12T22:17:18.373Z] <<< [apiv2][status] GET https://serviceusage.googleapis.com/v1/projects/wouli-453800/services/aiplatform.googleapis.com 200
[debug] [2025-05-12T22:17:18.373Z] <<< [apiv2][body] GET https://serviceusage.googleapis.com/v1/projects/wouli-453800/services/aiplatform.googleapis.com [omitted]
[warn] ⚠  aiplatform: missing required API aiplatform.googleapis.com. Enabling now... 
[debug] [2025-05-12T22:17:18.374Z] No OAuth tokens found
[debug] [2025-05-12T22:17:18.374Z] >>> [apiv2][query] POST https://serviceusage.googleapis.com/v1/projects/wouli-453800/services/aiplatform.googleapis.com:enable [none]
[debug] [2025-05-12T22:17:18.374Z] >>> [apiv2][(partial)header] POST https://serviceusage.googleapis.com/v1/projects/wouli-453800/services/aiplatform.googleapis.com:enable x-goog-quota-user=projects/wouli-453800
[debug] [2025-05-12T22:17:19.346Z] <<< [apiv2][status] POST https://serviceusage.googleapis.com/v1/projects/wouli-453800/services/aiplatform.googleapis.com:enable 200
[debug] [2025-05-12T22:17:19.347Z] <<< [apiv2][body] POST https://serviceusage.googleapis.com/v1/projects/wouli-453800/services/aiplatform.googleapis.com:enable [omitted]
[debug] [2025-05-12T22:17:29.352Z] No OAuth tokens found
[debug] [2025-05-12T22:17:29.352Z] >>> [apiv2][query] GET https://serviceusage.googleapis.com/v1/projects/wouli-453800/services/aiplatform.googleapis.com [none]
[debug] [2025-05-12T22:17:29.352Z] >>> [apiv2][(partial)header] GET https://serviceusage.googleapis.com/v1/projects/wouli-453800/services/aiplatform.googleapis.com x-goog-quota-user=projects/wouli-453800
[debug] [2025-05-12T22:17:30.437Z] <<< [apiv2][status] GET https://serviceusage.googleapis.com/v1/projects/wouli-453800/services/aiplatform.googleapis.com 200
[debug] [2025-05-12T22:17:30.437Z] <<< [apiv2][body] GET https://serviceusage.googleapis.com/v1/projects/wouli-453800/services/aiplatform.googleapis.com [omitted]
[info] ✔  aiplatform: required API aiplatform.googleapis.com is enabled 
[info] i  genkit: Installing NPM packages for genkit 
[info] ✔  genkit: Successfully installed NPM packages 
[info] i  genkit: Updating tsconfig.json 
[info] ✔  genkit: Successfully updated tsconfig.json 
[info] i  genkit: Updating package.json 
[info] ✔  genkit: Successfully updated package.json 
[info] i  genkit: Generating sample file 
[info] ✔  genkit: Successfully generated sample file (src/genkit-sample.ts) 
[info] 
[info] 
Login to Google Cloud using:
[info]     gcloud auth application-default login --project wouli-453800

[info] Then start the Genkit developer experience by running:
[info]     cd functions && npm run genkit:start
[info] 
=== Functions Setup
[debug] [2025-05-12T22:18:39.762Z] > command requires scopes: ["email","openid","https://www.googleapis.com/auth/cloudplatformprojects.readonly","https://www.googleapis.com/auth/firebase","https://www.googleapis.com/auth/cloud-platform"]
[debug] [2025-05-12T22:18:39.764Z] > authorizing via signed-in user (basekou555@gmail.com)
[debug] [2025-05-12T22:18:39.764Z] [iam] checking project wouli-453800 for permissions ["firebase.projects.get"]
[debug] [2025-05-12T22:18:39.765Z] No OAuth tokens found
[debug] [2025-05-12T22:18:39.767Z] >>> [apiv2][query] POST https://cloudresourcemanager.googleapis.com/v1/projects/wouli-453800:testIamPermissions [none]
[debug] [2025-05-12T22:18:39.768Z] >>> [apiv2][(partial)header] POST https://cloudresourcemanager.googleapis.com/v1/projects/wouli-453800:testIamPermissions x-goog-quota-user=projects/wouli-453800
[debug] [2025-05-12T22:18:39.768Z] >>> [apiv2][body] POST https://cloudresourcemanager.googleapis.com/v1/projects/wouli-453800:testIamPermissions {"permissions":["firebase.projects.get"]}
[debug] [2025-05-12T22:18:40.430Z] <<< [apiv2][status] POST https://cloudresourcemanager.googleapis.com/v1/projects/wouli-453800:testIamPermissions 200
[debug] [2025-05-12T22:18:40.431Z] <<< [apiv2][body] POST https://cloudresourcemanager.googleapis.com/v1/projects/wouli-453800:testIamPermissions {"permissions":["firebase.projects.get"]}
[debug] [2025-05-12T22:18:40.431Z] No OAuth tokens found
[debug] [2025-05-12T22:18:40.432Z] No OAuth tokens found
[debug] [2025-05-12T22:18:40.432Z] >>> [apiv2][query] GET https://serviceusage.googleapis.com/v1/projects/wouli-453800/services/cloudfunctions.googleapis.com [none]
[debug] [2025-05-12T22:18:40.432Z] >>> [apiv2][(partial)header] GET https://serviceusage.googleapis.com/v1/projects/wouli-453800/services/cloudfunctions.googleapis.com x-goog-quota-user=projects/wouli-453800
[debug] [2025-05-12T22:18:40.434Z] >>> [apiv2][query] GET https://serviceusage.googleapis.com/v1/projects/wouli-453800/services/runtimeconfig.googleapis.com [none]
[debug] [2025-05-12T22:18:40.434Z] >>> [apiv2][(partial)header] GET https://serviceusage.googleapis.com/v1/projects/wouli-453800/services/runtimeconfig.googleapis.com x-goog-quota-user=projects/wouli-453800
[debug] [2025-05-12T22:18:41.252Z] <<< [apiv2][status] GET https://serviceusage.googleapis.com/v1/projects/wouli-453800/services/runtimeconfig.googleapis.com 200
[debug] [2025-05-12T22:18:41.252Z] <<< [apiv2][body] GET https://serviceusage.googleapis.com/v1/projects/wouli-453800/services/runtimeconfig.googleapis.com [omitted]
[debug] [2025-05-12T22:18:41.262Z] <<< [apiv2][status] GET https://serviceusage.googleapis.com/v1/projects/wouli-453800/services/cloudfunctions.googleapis.com 200
[debug] [2025-05-12T22:18:41.263Z] <<< [apiv2][body] GET https://serviceusage.googleapis.com/v1/projects/wouli-453800/services/cloudfunctions.googleapis.com [omitted]
[info] 
Detected existing codebase(s): default

[info] 
Overwriting codebase default...

[info] ✔  Wrote functions/package.json 
[info] i  functions/.eslintrc.js is unchanged 
[info] i  Skipping write of functions/tsconfig.json 
[info] i  functions/tsconfig.dev.json is unchanged 
[info] i  functions/src/index.ts is unchanged 
[info] i  functions/.gitignore is unchanged 
[info] 
=== Apphosting Setup
[debug] [2025-05-12T22:20:36.807Z] No OAuth tokens found
[debug] [2025-05-12T22:20:36.807Z] >>> [apiv2][query] GET https://cloudbilling.googleapis.com/v1/projects/wouli-453800/billingInfo [none]
[debug] [2025-05-12T22:20:37.460Z] <<< [apiv2][status] GET https://cloudbilling.googleapis.com/v1/projects/wouli-453800/billingInfo 200
[debug] [2025-05-12T22:20:37.460Z] <<< [apiv2][body] GET https://cloudbilling.googleapis.com/v1/projects/wouli-453800/billingInfo {"name":"projects/wouli-453800/billingInfo","projectId":"wouli-453800","billingAccountName":"billingAccounts/0111A6-8C1746-49B0D1","billingEnabled":true}
[info] i  Writing default settings to apphosting.yaml... 
[info] ✔  Wrote apphosting.yaml 
[info] ✔  Create a new App Hosting backend with `firebase apphosting:backends:create` 
[info] 
=== Hosting Setup
[debug] [2025-05-12T22:20:37.470Z] No OAuth tokens found
[debug] [2025-05-12T22:20:37.471Z] >>> [apiv2][query] GET https://firebase.googleapis.com/v1beta1/projects/wouli-453800 [none]
[debug] [2025-05-12T22:20:37.737Z] <<< [apiv2][status] GET https://firebase.googleapis.com/v1beta1/projects/wouli-453800 200
[debug] [2025-05-12T22:20:37.737Z] <<< [apiv2][body] GET https://firebase.googleapis.com/v1beta1/projects/wouli-453800 {"projectId":"wouli-453800","projectNumber":"753627987327","displayName":"Wouli","name":"projects/wouli-453800","resources":{"hostingSite":"wouli-453800","realtimeDatabaseInstance":"wouli-453800-default-rtdb"},"state":"ACTIVE","etag":"1_d40cff12-54f5-46bd-a1a9-3955d4f1b6c7"}
[info] 
[info] Your public directory is the folder (relative to your project directory) that
[info] will contain Hosting assets to be uploaded with firebase deploy. If you
[info] have a build process for your assets, use your build's output directory.
[info] 
[info] ✔  Wrote public/404.html 
[debug] [2025-05-12T22:21:10.128Z] >>> [apiv2][query] GET https://www.gstatic.com/firebasejs/releases.json [none]
[debug] [2025-05-12T22:21:10.151Z] <<< [apiv2][status] GET https://www.gstatic.com/firebasejs/releases.json 200
[debug] [2025-05-12T22:21:10.151Z] <<< [apiv2][body] GET https://www.gstatic.com/firebasejs/releases.json {"current":{"version":"11.7.1","browserURL":"https://www.gstatic.com/firebasejs/11.7.1/firebase.js","packageURL":"https://www.gstatic.com/firebasejs/11.7.1/firebase.tgz"},"live":{"version":"11.7","browserURL":"https://www.gstatic.com/firebasejs/live/11.7/firebase.js","packageURL":"https://www.gstatic.com/firebasejs/live/11.7/firebase.tgz"},"components":{"analytics":"https://www.gstatic.com/firebasejs/11.7.1/firebase-analytics.js","app":"https://www.gstatic.com/firebasejs/11.7.1/firebase-app.js","app-check":"https://www.gstatic.com/firebasejs/11.7.1/firebase-app-check.js","auth":"https://www.gstatic.com/firebasejs/11.7.1/firebase-auth.js","auth/cordova":"https://www.gstatic.com/firebasejs/11.7.1/firebase-auth/cordova.js","auth/web-extension":"https://www.gstatic.com/firebasejs/11.7.1/firebase-auth/web-extension.js","functions":"https://www.gstatic.com/firebasejs/11.7.1/firebase-functions.js","firestore":"https://www.gstatic.com/firebasejs/11.7.1/firebase-firestore.js","firestore/lite":"https://www.gstatic.com/firebasejs/11.7.1/firebase-firestore/lite.js","installations":"https://www.gstatic.com/firebasejs/11.7.1/firebase-installations.js","storage":"https://www.gstatic.com/firebasejs/11.7.1/firebase-storage.js","performance":"https://www.gstatic.com/firebasejs/11.7.1/firebase-performance.js","remote-config":"https://www.gstatic.com/firebasejs/11.7.1/firebase-remote-config.js","messaging":"https://www.gstatic.com/firebasejs/11.7.1/firebase-messaging.js","messaging/sw":"https://www.gstatic.com/firebasejs/11.7.1/firebase-messaging/sw.js","database":"https://www.gstatic.com/firebasejs/11.7.1/firebase-database.js","vertexai":"https://www.gstatic.com/firebasejs/11.7.1/firebase-vertexai.js","data-connect":"https://www.gstatic.com/firebasejs/11.7.1/firebase-data-connect.js","firestore.memory":"https://www.gstatic.com/firebasejs/11.7.1/firebase-firestore.memory.js"}}
[info] ✔  Wrote public/index.html 
[info] 
=== Storage Setup
[info] 
[info] Firebase Storage Security Rules allow you to define how and when to allow
[info] uploads and downloads. You can keep these rules in your project directory
[info] and publish them with firebase deploy.
[info] 
[info] ✔  Wrote storage.rules 
[info] 
=== Emulators Setup
[info] i  apphosting: Initializing Emulator {"metadata":{"emulator":{"name":"apphosting"},"message":"Initializing Emulator"}}
[warn] ⚠  Failed to auto-detect your project's start command. Consider manually setting the start command by setting `firebase.json#emulators.apphosting.startCommand` {"metadata":{"emulator":{"name":"apphosting"},"message":"Failed to auto-detect your project's start command. Consider manually setting the start command by setting `firebase.json#emulators.apphosting.startCommand`"}}
[info] i  firestore: downloading cloud-firestore-emulator-v1.19.8.jar... {"metadata":{"emulator":{"name":"firestore"},"message":"downloading cloud-firestore-emulator-v1.19.8.jar..."}}
[debug] [2025-05-12T22:22:04.605Z] >>> [apiv2][query] GET https://storage.googleapis.com/firebase-preview-drop/emulator/cloud-firestore-emulator-v1.19.8.jar 
[debug] [2025-05-12T22:22:04.755Z] <<< [apiv2][status] GET https://storage.googleapis.com/firebase-preview-drop/emulator/cloud-firestore-emulator-v1.19.8.jar 200
[debug] [2025-05-12T22:22:04.755Z] <<< [apiv2][body] GET https://storage.googleapis.com/firebase-preview-drop/emulator/cloud-firestore-emulator-v1.19.8.jar [stream]
[info] i  database: downloading firebase-database-emulator-v4.11.2.jar... {"metadata":{"emulator":{"name":"database"},"message":"downloading firebase-database-emulator-v4.11.2.jar..."}}
[debug] [2025-05-12T22:22:07.845Z] >>> [apiv2][query] GET https://storage.googleapis.com/firebase-preview-drop/emulator/firebase-database-emulator-v4.11.2.jar 
[debug] [2025-05-12T22:22:08.004Z] <<< [apiv2][status] GET https://storage.googleapis.com/firebase-preview-drop/emulator/firebase-database-emulator-v4.11.2.jar 200
[debug] [2025-05-12T22:22:08.005Z] <<< [apiv2][body] GET https://storage.googleapis.com/firebase-preview-drop/emulator/firebase-database-emulator-v4.11.2.jar [stream]
[info] i  pubsub: downloading pubsub-emulator-0.8.14.zip... {"metadata":{"emulator":{"name":"pubsub"},"message":"downloading pubsub-emulator-0.8.14.zip..."}}
[debug] [2025-05-12T22:22:10.412Z] >>> [apiv2][query] GET https://storage.googleapis.com/firebase-preview-drop/emulator/pubsub-emulator-0.8.14.zip 
[debug] [2025-05-12T22:22:10.571Z] <<< [apiv2][status] GET https://storage.googleapis.com/firebase-preview-drop/emulator/pubsub-emulator-0.8.14.zip 200
[debug] [2025-05-12T22:22:10.572Z] <<< [apiv2][body] GET https://storage.googleapis.com/firebase-preview-drop/emulator/pubsub-emulator-0.8.14.zip [stream]
[debug] [2025-05-12T22:22:14.080Z] Data is 66786933
[debug] [2025-05-12T22:22:14.081Z] [unzip] Entry: pubsub-emulator/ (compressed_size=2 bytes, uncompressed_size=0 bytes)
[debug] [2025-05-12T22:22:14.081Z] [unzip] Processing entry: pubsub-emulator/
[debug] [2025-05-12T22:22:14.082Z] [unzip] mkdir: /home/user/.cache/firebase/emulators/pubsub-emulator-0.8.14/pubsub-emulator/
[debug] [2025-05-12T22:22:14.083Z] [unzip] Entry: pubsub-emulator/lib/ (compressed_size=2 bytes, uncompressed_size=0 bytes)
[debug] [2025-05-12T22:22:14.085Z] [unzip] Processing entry: pubsub-emulator/lib/
[debug] [2025-05-12T22:22:14.085Z] [unzip] mkdir: /home/user/.cache/firebase/emulators/pubsub-emulator-0.8.14/pubsub-emulator/lib/
[debug] [2025-05-12T22:22:14.086Z] [unzip] Entry: pubsub-emulator/lib/cloud-pubsub-emulator-0.8.14-all.jar (compressed_size=66782880 bytes, uncompressed_size=71655096 bytes)
[debug] [2025-05-12T22:22:14.086Z] [unzip] Processing entry: pubsub-emulator/lib/cloud-pubsub-emulator-0.8.14-all.jar
[debug] [2025-05-12T22:22:14.086Z] [unzip] else mkdir: /home/user/.cache/firebase/emulators/pubsub-emulator-0.8.14/pubsub-emulator/lib
[debug] [2025-05-12T22:22:14.087Z] [unzip] deflating: /home/user/.cache/firebase/emulators/pubsub-emulator-0.8.14/pubsub-emulator/lib/cloud-pubsub-emulator-0.8.14-all.jar
[debug] [2025-05-12T22:22:15.905Z] [unzip] Entry: pubsub-emulator/bin/ (compressed_size=2 bytes, uncompressed_size=0 bytes)
[debug] [2025-05-12T22:22:15.906Z] [unzip] Processing entry: pubsub-emulator/bin/
[debug] [2025-05-12T22:22:15.906Z] [unzip] mkdir: /home/user/.cache/firebase/emulators/pubsub-emulator-0.8.14/pubsub-emulator/bin/
[debug] [2025-05-12T22:22:15.906Z] [unzip] Entry: pubsub-emulator/bin/cloud-pubsub-emulator.bat (compressed_size=889 bytes, uncompressed_size=2276 bytes)
[debug] [2025-05-12T22:22:15.907Z] [unzip] Processing entry: pubsub-emulator/bin/cloud-pubsub-emulator.bat
[debug] [2025-05-12T22:22:15.907Z] [unzip] else mkdir: /home/user/.cache/firebase/emulators/pubsub-emulator-0.8.14/pubsub-emulator/bin
[debug] [2025-05-12T22:22:15.907Z] [unzip] deflating: /home/user/.cache/firebase/emulators/pubsub-emulator-0.8.14/pubsub-emulator/bin/cloud-pubsub-emulator.bat
[debug] [2025-05-12T22:22:15.909Z] [unzip] Entry: pubsub-emulator/bin/cloud-pubsub-emulator (compressed_size=2284 bytes, uncompressed_size=5728 bytes)
[debug] [2025-05-12T22:22:15.909Z] [unzip] Processing entry: pubsub-emulator/bin/cloud-pubsub-emulator
[debug] [2025-05-12T22:22:15.909Z] [unzip] else mkdir: /home/user/.cache/firebase/emulators/pubsub-emulator-0.8.14/pubsub-emulator/bin
[debug] [2025-05-12T22:22:15.910Z] [unzip] deflating: /home/user/.cache/firebase/emulators/pubsub-emulator-0.8.14/pubsub-emulator/bin/cloud-pubsub-emulator
[info] i  storage: downloading cloud-storage-rules-runtime-v1.1.3.jar... {"metadata":{"emulator":{"name":"storage"},"message":"downloading cloud-storage-rules-runtime-v1.1.3.jar..."}}
[debug] [2025-05-12T22:22:15.917Z] >>> [apiv2][query] GET https://storage.googleapis.com/firebase-preview-drop/emulator/cloud-storage-rules-runtime-v1.1.3.jar 
[debug] [2025-05-12T22:22:16.060Z] <<< [apiv2][status] GET https://storage.googleapis.com/firebase-preview-drop/emulator/cloud-storage-rules-runtime-v1.1.3.jar 200
[debug] [2025-05-12T22:22:16.060Z] <<< [apiv2][body] GET https://storage.googleapis.com/firebase-preview-drop/emulator/cloud-storage-rules-runtime-v1.1.3.jar [stream]
[info] i  dataconnect: downloading dataconnect-emulator-2.4.0... {"metadata":{"emulator":{"name":"dataconnect"},"message":"downloading dataconnect-emulator-2.4.0..."}}
[debug] [2025-05-12T22:22:19.068Z] >>> [apiv2][query] GET https://storage.googleapis.com/firemat-preview-drop/emulator/dataconnect-emulator-linux-v2.4.0 
[debug] [2025-05-12T22:22:19.333Z] <<< [apiv2][status] GET https://storage.googleapis.com/firemat-preview-drop/emulator/dataconnect-emulator-linux-v2.4.0 200
[debug] [2025-05-12T22:22:19.333Z] <<< [apiv2][body] GET https://storage.googleapis.com/firemat-preview-drop/emulator/dataconnect-emulator-linux-v2.4.0 [stream]
[info] i  ui: downloading ui-v1.14.0.zip... {"metadata":{"emulator":{"name":"ui"},"message":"downloading ui-v1.14.0.zip..."}}
[debug] [2025-05-12T22:22:21.313Z] >>> [apiv2][query] GET https://storage.googleapis.com/firebase-preview-drop/emulator/ui-v1.14.0.zip 
[info] 
=== Remoteconfig Setup
[debug] [2025-05-12T22:22:21.518Z] <<< [apiv2][status] GET https://storage.googleapis.com/firebase-preview-drop/emulator/ui-v1.14.0.zip 200
[debug] [2025-05-12T22:22:21.519Z] <<< [apiv2][body] GET https://storage.googleapis.com/firebase-preview-drop/emulator/ui-v1.14.0.zip [stream]
[debug] [2025-05-12T22:22:22.298Z] Data is 3615311
[debug] [2025-05-12T22:22:22.300Z] [unzip] Entry: client/ (compressed_size=0 bytes, uncompressed_size=0 bytes)
[debug] [2025-05-12T22:22:22.300Z] [unzip] Processing entry: client/
[debug] [2025-05-12T22:22:22.300Z] [unzip] mkdir: /home/user/.cache/firebase/emulators/ui-v1.14.0/client/
[debug] [2025-05-12T22:22:22.336Z] [unzip] Entry: client/favicon-16x16.png (compressed_size=293 bytes, uncompressed_size=293 bytes)
[debug] [2025-05-12T22:22:22.337Z] [unzip] Processing entry: client/favicon-16x16.png
[debug] [2025-05-12T22:22:22.337Z] [unzip] else mkdir: /home/user/.cache/firebase/emulators/ui-v1.14.0/client
[debug] [2025-05-12T22:22:22.349Z] [unzip] Writing file: /home/user/.cache/firebase/emulators/ui-v1.14.0/client/favicon-16x16.png
[debug] [2025-05-12T22:22:22.384Z] [unzip] Entry: client/safari-pinned-tab.svg (compressed_size=1433 bytes, uncompressed_size=2611 bytes)
[debug] [2025-05-12T22:22:22.384Z] [unzip] Processing entry: client/safari-pinned-tab.svg
[debug] [2025-05-12T22:22:22.384Z] [unzip] else mkdir: /home/user/.cache/firebase/emulators/ui-v1.14.0/client
[debug] [2025-05-12T22:22:22.390Z] [unzip] deflating: /home/user/.cache/firebase/emulators/ui-v1.14.0/client/safari-pinned-tab.svg
[debug] [2025-05-12T22:22:22.419Z] [unzip] Entry: client/favicon.ico (compressed_size=2933 bytes, uncompressed_size=13294 bytes)
[debug] [2025-05-12T22:22:22.420Z] [unzip] Processing entry: client/favicon.ico
[debug] [2025-05-12T22:22:22.420Z] [unzip] else mkdir: /home/user/.cache/firebase/emulators/ui-v1.14.0/client
[debug] [2025-05-12T22:22:22.421Z] [unzip] deflating: /home/user/.cache/firebase/emulators/ui-v1.14.0/client/favicon.ico
[debug] [2025-05-12T22:22:22.422Z] [unzip] Entry: client/index.html (compressed_size=1363 bytes, uncompressed_size=3071 bytes)
[debug] [2025-05-12T22:22:22.423Z] [unzip] Processing entry: client/index.html
[debug] [2025-05-12T22:22:22.423Z] [unzip] else mkdir: /home/user/.cache/firebase/emulators/ui-v1.14.0/client
[debug] [2025-05-12T22:22:22.426Z] [unzip] deflating: /home/user/.cache/firebase/emulators/ui-v1.14.0/client/index.html
[debug] [2025-05-12T22:22:22.429Z] [unzip] Entry: client/android-chrome-192x192.png (compressed_size=2684 bytes, uncompressed_size=2684 bytes)
[debug] [2025-05-12T22:22:22.429Z] [unzip] Processing entry: client/android-chrome-192x192.png
[debug] [2025-05-12T22:22:22.429Z] [unzip] else mkdir: /home/user/.cache/firebase/emulators/ui-v1.14.0/client
[debug] [2025-05-12T22:22:22.430Z] [unzip] Writing file: /home/user/.cache/firebase/emulators/ui-v1.14.0/client/android-chrome-192x192.png
[debug] [2025-05-12T22:22:22.433Z] [unzip] Entry: client/apple-touch-icon.png (compressed_size=2123 bytes, uncompressed_size=2152 bytes)
[debug] [2025-05-12T22:22:22.433Z] [unzip] Processing entry: client/apple-touch-icon.png
[debug] [2025-05-12T22:22:22.434Z] [unzip] else mkdir: /home/user/.cache/firebase/emulators/ui-v1.14.0/client
[debug] [2025-05-12T22:22:22.434Z] [unzip] deflating: /home/user/.cache/firebase/emulators/ui-v1.14.0/client/apple-touch-icon.png
[debug] [2025-05-12T22:22:22.437Z] [unzip] Entry: client/android-chrome-512x512.png (compressed_size=5369 bytes, uncompressed_size=5411 bytes)
[debug] [2025-05-12T22:22:22.438Z] [unzip] Processing entry: client/android-chrome-512x512.png
[debug] [2025-05-12T22:22:22.438Z] [unzip] else mkdir: /home/user/.cache/firebase/emulators/ui-v1.14.0/client
[debug] [2025-05-12T22:22:22.442Z] [unzip] deflating: /home/user/.cache/firebase/emulators/ui-v1.14.0/client/android-chrome-512x512.png
[debug] [2025-05-12T22:22:22.444Z] [unzip] Entry: client/manifest.json (compressed_size=245 bytes, uncompressed_size=551 bytes)
[debug] [2025-05-12T22:22:22.444Z] [unzip] Processing entry: client/manifest.json
[debug] [2025-05-12T22:22:22.444Z] [unzip] else mkdir: /home/user/.cache/firebase/emulators/ui-v1.14.0/client
[debug] [2025-05-12T22:22:22.448Z] [unzip] deflating: /home/user/.cache/firebase/emulators/ui-v1.14.0/client/manifest.json
[debug] [2025-05-12T22:22:22.450Z] [unzip] Entry: client/robots.txt (compressed_size=26 bytes, uncompressed_size=26 bytes)
[debug] [2025-05-12T22:22:22.450Z] [unzip] Processing entry: client/robots.txt
[debug] [2025-05-12T22:22:22.450Z] [unzip] else mkdir: /home/user/.cache/firebase/emulators/ui-v1.14.0/client
[debug] [2025-05-12T22:22:22.451Z] [unzip] Writing file: /home/user/.cache/firebase/emulators/ui-v1.14.0/client/robots.txt
[debug] [2025-05-12T22:22:22.455Z] [unzip] Entry: client/mstile-150x150.png (compressed_size=2034 bytes, uncompressed_size=2034 bytes)
[debug] [2025-05-12T22:22:22.455Z] [unzip] Processing entry: client/mstile-150x150.png
[debug] [2025-05-12T22:22:22.455Z] [unzip] else mkdir: /home/user/.cache/firebase/emulators/ui-v1.14.0/client
[debug] [2025-05-12T22:22:22.456Z] [unzip] Writing file: /home/user/.cache/firebase/emulators/ui-v1.14.0/client/mstile-150x150.png
[debug] [2025-05-12T22:22:22.460Z] [unzip] Entry: client/assets/ (compressed_size=0 bytes, uncompressed_size=0 bytes)
[debug] [2025-05-12T22:22:22.460Z] [unzip] Processing entry: client/assets/
[debug] [2025-05-12T22:22:22.460Z] [unzip] mkdir: /home/user/.cache/firebase/emulators/ui-v1.14.0/client/assets/
[debug] [2025-05-12T22:22:22.461Z] [unzip] Entry: client/assets/index-ClZTY_JS.js.map (compressed_size=2328270 bytes, uncompressed_size=9947004 bytes)
[debug] [2025-05-12T22:22:22.461Z] [unzip] Processing entry: client/assets/index-ClZTY_JS.js.map
[debug] [2025-05-12T22:22:22.461Z] [unzip] else mkdir: /home/user/.cache/firebase/emulators/ui-v1.14.0/client/assets
[debug] [2025-05-12T22:22:22.463Z] [unzip] deflating: /home/user/.cache/firebase/emulators/ui-v1.14.0/client/assets/index-ClZTY_JS.js.map
[debug] [2025-05-12T22:22:22.657Z] [unzip] Entry: client/assets/index-ClZTY_JS.js (compressed_size=567195 bytes, uncompressed_size=2035940 bytes)
[debug] [2025-05-12T22:22:22.657Z] [unzip] Processing entry: client/assets/index-ClZTY_JS.js
[debug] [2025-05-12T22:22:22.658Z] [unzip] else mkdir: /home/user/.cache/firebase/emulators/ui-v1.14.0/client/assets
[debug] [2025-05-12T22:22:22.665Z] [unzip] deflating: /home/user/.cache/firebase/emulators/ui-v1.14.0/client/assets/index-ClZTY_JS.js
[debug] [2025-05-12T22:22:22.827Z] [unzip] Entry: client/assets/index-BdgySamB.css (compressed_size=35979 bytes, uncompressed_size=298654 bytes)
[debug] [2025-05-12T22:22:22.832Z] [unzip] Processing entry: client/assets/index-BdgySamB.css
[debug] [2025-05-12T22:22:22.832Z] [unzip] else mkdir: /home/user/.cache/firebase/emulators/ui-v1.14.0/client/assets
[debug] [2025-05-12T22:22:22.836Z] [unzip] deflating: /home/user/.cache/firebase/emulators/ui-v1.14.0/client/assets/index-BdgySamB.css
[debug] [2025-05-12T22:22:22.842Z] [unzip] Entry: client/assets/extensions/ (compressed_size=0 bytes, uncompressed_size=0 bytes)
[debug] [2025-05-12T22:22:22.842Z] [unzip] Processing entry: client/assets/extensions/
[debug] [2025-05-12T22:22:22.843Z] [unzip] mkdir: /home/user/.cache/firebase/emulators/ui-v1.14.0/client/assets/extensions/
[debug] [2025-05-12T22:22:22.843Z] [unzip] Entry: client/assets/extensions/default-extension.png (compressed_size=1646 bytes, uncompressed_size=1657 bytes)
[debug] [2025-05-12T22:22:22.843Z] [unzip] Processing entry: client/assets/extensions/default-extension.png
[debug] [2025-05-12T22:22:22.843Z] [unzip] else mkdir: /home/user/.cache/firebase/emulators/ui-v1.14.0/client/assets/extensions
[debug] [2025-05-12T22:22:22.843Z] [unzip] deflating: /home/user/.cache/firebase/emulators/ui-v1.14.0/client/assets/extensions/default-extension.png
[debug] [2025-05-12T22:22:22.846Z] [unzip] Entry: client/assets/img/ (compressed_size=0 bytes, uncompressed_size=0 bytes)
[debug] [2025-05-12T22:22:22.846Z] [unzip] Processing entry: client/assets/img/
[debug] [2025-05-12T22:22:22.846Z] [unzip] mkdir: /home/user/.cache/firebase/emulators/ui-v1.14.0/client/assets/img/
[debug] [2025-05-12T22:22:22.847Z] [unzip] Entry: client/assets/img/database.png (compressed_size=29449 bytes, uncompressed_size=29988 bytes)
[debug] [2025-05-12T22:22:22.847Z] [unzip] Processing entry: client/assets/img/database.png
[debug] [2025-05-12T22:22:22.847Z] [unzip] else mkdir: /home/user/.cache/firebase/emulators/ui-v1.14.0/client/assets/img
[debug] [2025-05-12T22:22:22.848Z] [unzip] deflating: /home/user/.cache/firebase/emulators/ui-v1.14.0/client/assets/img/database.png
[debug] [2025-05-12T22:22:22.852Z] [unzip] Entry: client/assets/provider-icons/ (compressed_size=0 bytes, uncompressed_size=0 bytes)
[debug] [2025-05-12T22:22:22.855Z] [unzip] Processing entry: client/assets/provider-icons/
[debug] [2025-05-12T22:22:22.855Z] [unzip] mkdir: /home/user/.cache/firebase/emulators/ui-v1.14.0/client/assets/provider-icons/
[debug] [2025-05-12T22:22:22.855Z] [unzip] Entry: client/assets/provider-icons/auth_service_saml.svg (compressed_size=575 bytes, uncompressed_size=1226 bytes)
[debug] [2025-05-12T22:22:22.855Z] [unzip] Processing entry: client/assets/provider-icons/auth_service_saml.svg
[debug] [2025-05-12T22:22:22.855Z] [unzip] else mkdir: /home/user/.cache/firebase/emulators/ui-v1.14.0/client/assets/provider-icons
[debug] [2025-05-12T22:22:22.856Z] [unzip] deflating: /home/user/.cache/firebase/emulators/ui-v1.14.0/client/assets/provider-icons/auth_service_saml.svg
[debug] [2025-05-12T22:22:22.859Z] [unzip] Entry: client/assets/provider-icons/auth_service_phone.svg (compressed_size=261 bytes, uncompressed_size=414 bytes)
[debug] [2025-05-12T22:22:22.859Z] [unzip] Processing entry: client/assets/provider-icons/auth_service_phone.svg
[debug] [2025-05-12T22:22:22.860Z] [unzip] else mkdir: /home/user/.cache/firebase/emulators/ui-v1.14.0/client/assets/provider-icons
[debug] [2025-05-12T22:22:22.861Z] [unzip] deflating: /home/user/.cache/firebase/emulators/ui-v1.14.0/client/assets/provider-icons/auth_service_phone.svg
[debug] [2025-05-12T22:22:22.863Z] [unzip] Entry: client/assets/provider-icons/auth_service_facebook.svg (compressed_size=289 bytes, uncompressed_size=457 bytes)
[debug] [2025-05-12T22:22:22.863Z] [unzip] Processing entry: client/assets/provider-icons/auth_service_facebook.svg
[debug] [2025-05-12T22:22:22.863Z] [unzip] else mkdir: /home/user/.cache/firebase/emulators/ui-v1.14.0/client/assets/provider-icons
[debug] [2025-05-12T22:22:22.864Z] [unzip] deflating: /home/user/.cache/firebase/emulators/ui-v1.14.0/client/assets/provider-icons/auth_service_facebook.svg
[debug] [2025-05-12T22:22:22.865Z] [unzip] Entry: client/assets/provider-icons/auth_service_game_center.svg (compressed_size=991 bytes, uncompressed_size=3921 bytes)
[debug] [2025-05-12T22:22:22.866Z] [unzip] Processing entry: client/assets/provider-icons/auth_service_game_center.svg
[debug] [2025-05-12T22:22:22.866Z] [unzip] else mkdir: /home/user/.cache/firebase/emulators/ui-v1.14.0/client/assets/provider-icons
[debug] [2025-05-12T22:22:22.867Z] [unzip] deflating: /home/user/.cache/firebase/emulators/ui-v1.14.0/client/assets/provider-icons/auth_service_game_center.svg
[debug] [2025-05-12T22:22:22.869Z] [unzip] Entry: client/assets/provider-icons/auth_service_apple.svg (compressed_size=230 bytes, uncompressed_size=334 bytes)
[debug] [2025-05-12T22:22:22.870Z] [unzip] Processing entry: client/assets/provider-icons/auth_service_apple.svg
[debug] [2025-05-12T22:22:22.870Z] [unzip] else mkdir: /home/user/.cache/firebase/emulators/ui-v1.14.0/client/assets/provider-icons
[debug] [2025-05-12T22:22:22.870Z] [unzip] deflating: /home/user/.cache/firebase/emulators/ui-v1.14.0/client/assets/provider-icons/auth_service_apple.svg
[debug] [2025-05-12T22:22:22.871Z] [unzip] Entry: client/assets/provider-icons/auth_service_github.svg (compressed_size=466 bytes, uncompressed_size=838 bytes)
[debug] [2025-05-12T22:22:22.872Z] [unzip] Processing entry: client/assets/provider-icons/auth_service_github.svg
[debug] [2025-05-12T22:22:22.872Z] [unzip] else mkdir: /home/user/.cache/firebase/emulators/ui-v1.14.0/client/assets/provider-icons
[debug] [2025-05-12T22:22:22.872Z] [unzip] deflating: /home/user/.cache/firebase/emulators/ui-v1.14.0/client/assets/provider-icons/auth_service_github.svg
[debug] [2025-05-12T22:22:22.873Z] [unzip] Entry: client/assets/provider-icons/auth_service_mslive.svg (compressed_size=203 bytes, uncompressed_size=378 bytes)
[debug] [2025-05-12T22:22:22.873Z] [unzip] Processing entry: client/assets/provider-icons/auth_service_mslive.svg
[debug] [2025-05-12T22:22:22.873Z] [unzip] else mkdir: /home/user/.cache/firebase/emulators/ui-v1.14.0/client/assets/provider-icons
[debug] [2025-05-12T22:22:22.873Z] [unzip] deflating: /home/user/.cache/firebase/emulators/ui-v1.14.0/client/assets/provider-icons/auth_service_mslive.svg
[debug] [2025-05-12T22:22:22.880Z] [unzip] Entry: client/assets/provider-icons/auth_service_yahoo.svg (compressed_size=577 bytes, uncompressed_size=1182 bytes)
[debug] [2025-05-12T22:22:22.880Z] [unzip] Processing entry: client/assets/provider-icons/auth_service_yahoo.svg
[debug] [2025-05-12T22:22:22.880Z] [unzip] else mkdir: /home/user/.cache/firebase/emulators/ui-v1.14.0/client/assets/provider-icons
[debug] [2025-05-12T22:22:22.882Z] [unzip] deflating: /home/user/.cache/firebase/emulators/ui-v1.14.0/client/assets/provider-icons/auth_service_yahoo.svg
[debug] [2025-05-12T22:22:22.883Z] [unzip] Entry: client/assets/provider-icons/auth_service_twitter.svg (compressed_size=444 bytes, uncompressed_size=751 bytes)
[debug] [2025-05-12T22:22:22.883Z] [unzip] Processing entry: client/assets/provider-icons/auth_service_twitter.svg
[debug] [2025-05-12T22:22:22.884Z] [unzip] else mkdir: /home/user/.cache/firebase/emulators/ui-v1.14.0/client/assets/provider-icons
[debug] [2025-05-12T22:22:22.884Z] [unzip] deflating: /home/user/.cache/firebase/emulators/ui-v1.14.0/client/assets/provider-icons/auth_service_twitter.svg
[debug] [2025-05-12T22:22:22.887Z] [unzip] Entry: client/assets/provider-icons/auth_service_play_games.svg (compressed_size=565 bytes, uncompressed_size=1173 bytes)
[debug] [2025-05-12T22:22:22.887Z] [unzip] Processing entry: client/assets/provider-icons/auth_service_play_games.svg
[debug] [2025-05-12T22:22:22.887Z] [unzip] else mkdir: /home/user/.cache/firebase/emulators/ui-v1.14.0/client/assets/provider-icons
[debug] [2025-05-12T22:22:22.887Z] [unzip] deflating: /home/user/.cache/firebase/emulators/ui-v1.14.0/client/assets/provider-icons/auth_service_play_games.svg
[debug] [2025-05-12T22:22:22.889Z] [unzip] Entry: client/assets/provider-icons/auth_service_email.svg (compressed_size=228 bytes, uncompressed_size=326 bytes)
[debug] [2025-05-12T22:22:22.889Z] [unzip] Processing entry: client/assets/provider-icons/auth_service_email.svg
[debug] [2025-05-12T22:22:22.889Z] [unzip] else mkdir: /home/user/.cache/firebase/emulators/ui-v1.14.0/client/assets/provider-icons
[debug] [2025-05-12T22:22:22.890Z] [unzip] deflating: /home/user/.cache/firebase/emulators/ui-v1.14.0/client/assets/provider-icons/auth_service_email.svg
[debug] [2025-05-12T22:22:22.891Z] [unzip] Entry: client/assets/provider-icons/auth_service_google.svg (compressed_size=409 bytes, uncompressed_size=720 bytes)
[debug] [2025-05-12T22:22:22.891Z] [unzip] Processing entry: client/assets/provider-icons/auth_service_google.svg
[debug] [2025-05-12T22:22:22.891Z] [unzip] else mkdir: /home/user/.cache/firebase/emulators/ui-v1.14.0/client/assets/provider-icons
[debug] [2025-05-12T22:22:22.892Z] [unzip] deflating: /home/user/.cache/firebase/emulators/ui-v1.14.0/client/assets/provider-icons/auth_service_google.svg
[debug] [2025-05-12T22:22:22.895Z] [unzip] Entry: client/assets/provider-icons/auth_service_oidc.svg (compressed_size=414 bytes, uncompressed_size=858 bytes)
[debug] [2025-05-12T22:22:22.895Z] [unzip] Processing entry: client/assets/provider-icons/auth_service_oidc.svg
[debug] [2025-05-12T22:22:22.895Z] [unzip] else mkdir: /home/user/.cache/firebase/emulators/ui-v1.14.0/client/assets/provider-icons
[debug] [2025-05-12T22:22:22.895Z] [unzip] deflating: /home/user/.cache/firebase/emulators/ui-v1.14.0/client/assets/provider-icons/auth_service_oidc.svg
[debug] [2025-05-12T22:22:22.898Z] [unzip] Entry: client/browserconfig.xml (compressed_size=491 bytes, uncompressed_size=822 bytes)
[debug] [2025-05-12T22:22:22.898Z] [unzip] Processing entry: client/browserconfig.xml
[debug] [2025-05-12T22:22:22.898Z] [unzip] else mkdir: /home/user/.cache/firebase/emulators/ui-v1.14.0/client
[debug] [2025-05-12T22:22:22.899Z] [unzip] deflating: /home/user/.cache/firebase/emulators/ui-v1.14.0/client/browserconfig.xml
[debug] [2025-05-12T22:22:22.902Z] [unzip] Entry: client/favicon-32x32.png (compressed_size=475 bytes, uncompressed_size=475 bytes)
[debug] [2025-05-12T22:22:22.902Z] [unzip] Processing entry: client/favicon-32x32.png
[debug] [2025-05-12T22:22:22.902Z] [unzip] else mkdir: /home/user/.cache/firebase/emulators/ui-v1.14.0/client
[debug] [2025-05-12T22:22:22.903Z] [unzip] Writing file: /home/user/.cache/firebase/emulators/ui-v1.14.0/client/favicon-32x32.png
[debug] [2025-05-12T22:22:22.904Z] [unzip] Entry: server/ (compressed_size=0 bytes, uncompressed_size=0 bytes)
[debug] [2025-05-12T22:22:22.904Z] [unzip] Processing entry: server/
[debug] [2025-05-12T22:22:22.906Z] [unzip] mkdir: /home/user/.cache/firebase/emulators/ui-v1.14.0/server/
[debug] [2025-05-12T22:22:22.906Z] [unzip] Entry: server/server.mjs.map (compressed_size=296496 bytes, uncompressed_size=1355667 bytes)
[debug] [2025-05-12T22:22:22.906Z] [unzip] Processing entry: server/server.mjs.map
[debug] [2025-05-12T22:22:22.906Z] [unzip] else mkdir: /home/user/.cache/firebase/emulators/ui-v1.14.0/server
[debug] [2025-05-12T22:22:22.906Z] [unzip] deflating: /home/user/.cache/firebase/emulators/ui-v1.14.0/server/server.mjs.map
[debug] [2025-05-12T22:22:22.930Z] [unzip] Entry: server/server.mjs (compressed_size=315701 bytes, uncompressed_size=1172682 bytes)
[debug] [2025-05-12T22:22:22.930Z] [unzip] Processing entry: server/server.mjs
[debug] [2025-05-12T22:22:22.930Z] [unzip] else mkdir: /home/user/.cache/firebase/emulators/ui-v1.14.0/server
[debug] [2025-05-12T22:22:22.931Z] [unzip] deflating: /home/user/.cache/firebase/emulators/ui-v1.14.0/server/server.mjs
[debug] [2025-05-12T22:22:22.953Z] [unzip] Entry: server/assets/ (compressed_size=0 bytes, uncompressed_size=0 bytes)
[debug] [2025-05-12T22:22:22.953Z] [unzip] Processing entry: server/assets/
[debug] [2025-05-12T22:22:22.953Z] [unzip] mkdir: /home/user/.cache/firebase/emulators/ui-v1.14.0/server/assets/
[debug] [2025-05-12T22:22:22.953Z] [unzip] Entry: server/assets/multipart-parser-DGCUZdXu.mjs.map (compressed_size=4791 bytes, uncompressed_size=17918 bytes)
[debug] [2025-05-12T22:22:22.954Z] [unzip] Processing entry: server/assets/multipart-parser-DGCUZdXu.mjs.map
[debug] [2025-05-12T22:22:22.954Z] [unzip] else mkdir: /home/user/.cache/firebase/emulators/ui-v1.14.0/server/assets
[debug] [2025-05-12T22:22:22.954Z] [unzip] deflating: /home/user/.cache/firebase/emulators/ui-v1.14.0/server/assets/multipart-parser-DGCUZdXu.mjs.map
[debug] [2025-05-12T22:22:22.958Z] [unzip] Entry: server/assets/multipart-parser-DGCUZdXu.mjs (compressed_size=2621 bytes, uncompressed_size=10390 bytes)
[debug] [2025-05-12T22:22:22.958Z] [unzip] Processing entry: server/assets/multipart-parser-DGCUZdXu.mjs
[debug] [2025-05-12T22:22:22.958Z] [unzip] else mkdir: /home/user/.cache/firebase/emulators/ui-v1.14.0/server/assets
[debug] [2025-05-12T22:22:22.960Z] [unzip] deflating: /home/user/.cache/firebase/emulators/ui-v1.14.0/server/assets/multipart-parser-DGCUZdXu.mjs
